[INVALID_KEY] predicate methods(@method id, string name, @type declaring_type_id, @type_or_ref type_id, @method unbound_id): The key set {id} does not functionally determine all fields.
Here is a pair of tuples that agree on the key set but differ at index 4:
Tuple 1 in row 32217: (741331,"CopyTo",736637,1215,740231)
Tuple 2 in row 32218: (741331,"CopyTo",736637,1215,740241)
	Relevant element: Full ID for 741331: @"(1069) (736637).CopyTo((225442) destination);method". The ID may expand to @"{@"{@"{@";namespace"}.System;namespace"}.Void : {@"{@"(19).System;namespace"}.ValueType;type"};type"} {@"{@"{@"(25).Numerics;namespace"}.Vector`1 : {@"(25).ValueType;type"};type"}<{@"{@"(19).System;namespace"}.Byte : {@"(25).ValueType;type"};type"}> : {@"{@"(19).System;namespace"}.ValueType;type"};type"}.CopyTo({@"{@"{@"(19).System;namespace"}.Span`1 : {@"(25).ValueType;type"};type"}<{@"{@"(19).System;namespace"}.Byte : {@"(25).ValueType;type"};type"}> : {@"{@"(19).System;namespace"}.ValueType;type"};type"} destination);method"
	Relevant element: Full ID for 736637: @"(736555)<(15606)> : (1068);type". The ID may expand to @"{@"{@"{@"(19).System;namespace"}.Numerics;namespace"}.Vector`1 : {@"{@"(19).System;namespace"}.ValueType;type"};type"}<{@"{@"{@";namespace"}.System;namespace"}.Byte : {@"{@"(19).System;namespace"}.ValueType;type"};type"}> : {@"{@"{@";namespace"}.System;namespace"}.ValueType;type"};type"
	Relevant element: Full ID for 1215: @"(1069);typeRef". The ID may expand to @"{@"{@"{@";namespace"}.System;namespace"}.Void : {@"{@"(19).System;namespace"}.ValueType;type"};type"};typeRef"
	Relevant element: Full ID for 740231: @"(1069) (736555).CopyTo((740230) destination);method". The ID may expand to @"{@"{@"{@";namespace"}.System;namespace"}.Void : {@"{@"(19).System;namespace"}.ValueType;type"};type"} {@"{@"{@"(19).System;namespace"}.Numerics;namespace"}.Vector`1 : {@"{@"(19).System;namespace"}.ValueType;type"};type"}.CopyTo({@"{@"{@"(19).System;namespace"}.Span`1 : {@"(25).ValueType;type"};type"}<{@"{@"(583198).Vector`1 : (1068);type"}_0;typeparameter"}> : {@"{@"(19).System;namespace"}.ValueType;type"};type"} destination);method"
	Relevant element: Full ID for 741331: @"(1069) (736637).CopyTo((225442) destination);method". The ID may expand to @"{@"{@"{@";namespace"}.System;namespace"}.Void : {@"{@"(19).System;namespace"}.ValueType;type"};type"} {@"{@"{@"(25).Numerics;namespace"}.Vector`1 : {@"(25).ValueType;type"};type"}<{@"{@"(19).System;namespace"}.Byte : {@"(25).ValueType;type"};type"}> : {@"{@"(19).System;namespace"}.ValueType;type"};type"}.CopyTo({@"{@"{@"(19).System;namespace"}.Span`1 : {@"(25).ValueType;type"};type"}<{@"{@"(19).System;namespace"}.Byte : {@"(25).ValueType;type"};type"}> : {@"{@"(19).System;namespace"}.ValueType;type"};type"} destination);method"
	Relevant element: Full ID for 736637: @"(736555)<(15606)> : (1068);type". The ID may expand to @"{@"{@"{@"(19).System;namespace"}.Numerics;namespace"}.Vector`1 : {@"{@"(19).System;namespace"}.ValueType;type"};type"}<{@"{@"{@";namespace"}.System;namespace"}.Byte : {@"{@"(19).System;namespace"}.ValueType;type"};type"}> : {@"{@"{@";namespace"}.System;namespace"}.ValueType;type"};type"
	Relevant element: Full ID for 1215: @"(1069);typeRef". The ID may expand to @"{@"{@"{@";namespace"}.System;namespace"}.Void : {@"{@"(19).System;namespace"}.ValueType;type"};type"};typeRef"
	Relevant element: Full ID for 740241: @"(1069) (736555).CopyTo((225442) destination);method". The ID may expand to @"{@"{@"{@";namespace"}.System;namespace"}.Void : {@"{@"(19).System;namespace"}.ValueType;type"};type"} {@"{@"{@"(19).System;namespace"}.Numerics;namespace"}.Vector`1 : {@"{@"(19).System;namespace"}.ValueType;type"};type"}.CopyTo({@"{@"{@"(19).System;namespace"}.Span`1 : {@"(25).ValueType;type"};type"}<{@"{@"(19).System;namespace"}.Byte : {@"(25).ValueType;type"};type"}> : {@"{@"(19).System;namespace"}.ValueType;type"};type"} destination);method"
[INVALID_KEY] predicate methods(@method id, string name, @type declaring_type_id, @type_or_ref type_id, @method unbound_id): The key set {id} does not functionally determine all fields.
Here is a pair of tuples that agree on the key set but differ at index 4:
Tuple 1 in row 32225: (741344,"TryCopyTo",736637,1108,740333)
Tuple 2 in row 32226: (741344,"TryCopyTo",736637,1108,740343)
	Relevant element: Full ID for 741344: @"(1104) (736637).TryCopyTo((225442) destination);method". The ID may expand to @"{@"{@"{@";namespace"}.System;namespace"}.Boolean : {@"{@"(19).System;namespace"}.ValueType;type"};type"} {@"{@"{@"(25).Numerics;namespace"}.Vector`1 : {@"(25).ValueType;type"};type"}<{@"{@"(19).System;namespace"}.Byte : {@"(25).ValueType;type"};type"}> : {@"{@"(19).System;namespace"}.ValueType;type"};type"}.TryCopyTo({@"{@"{@"(19).System;namespace"}.Span`1 : {@"(25).ValueType;type"};type"}<{@"{@"(19).System;namespace"}.Byte : {@"(25).ValueType;type"};type"}> : {@"{@"(19).System;namespace"}.ValueType;type"};type"} destination);method"
	Relevant element: Full ID for 736637: @"(736555)<(15606)> : (1068);type". The ID may expand to @"{@"{@"{@"(19).System;namespace"}.Numerics;namespace"}.Vector`1 : {@"{@"(19).System;namespace"}.ValueType;type"};type"}<{@"{@"{@";namespace"}.System;namespace"}.Byte : {@"{@"(19).System;namespace"}.ValueType;type"};type"}> : {@"{@"{@";namespace"}.System;namespace"}.ValueType;type"};type"
	Relevant element: Full ID for 1108: @"(1104);typeRef". The ID may expand to @"{@"{@"{@";namespace"}.System;namespace"}.Boolean : {@"{@"(19).System;namespace"}.ValueType;type"};type"};typeRef"
	Relevant element: Full ID for 740333: @"(1104) (736555).TryCopyTo((740230) destination);method". The ID may expand to @"{@"{@"{@";namespace"}.System;namespace"}.Boolean : {@"{@"(19).System;namespace"}.ValueType;type"};type"} {@"{@"{@"(19).System;namespace"}.Numerics;namespace"}.Vector`1 : {@"{@"(19).System;namespace"}.ValueType;type"};type"}.TryCopyTo({@"{@"{@"(19).System;namespace"}.Span`1 : {@"(25).ValueType;type"};type"}<{@"{@"(583198).Vector`1 : (1068);type"}_0;typeparameter"}> : {@"{@"(19).System;namespace"}.ValueType;type"};type"} destination);method"
	Relevant element: Full ID for 741344: @"(1104) (736637).TryCopyTo((225442) destination);method". The ID may expand to @"{@"{@"{@";namespace"}.System;namespace"}.Boolean : {@"{@"(19).System;namespace"}.ValueType;type"};type"} {@"{@"{@"(25).Numerics;namespace"}.Vector`1 : {@"(25).ValueType;type"};type"}<{@"{@"(19).System;namespace"}.Byte : {@"(25).ValueType;type"};type"}> : {@"{@"(19).System;namespace"}.ValueType;type"};type"}.TryCopyTo({@"{@"{@"(19).System;namespace"}.Span`1 : {@"(25).ValueType;type"};type"}<{@"{@"(19).System;namespace"}.Byte : {@"(25).ValueType;type"};type"}> : {@"{@"(19).System;namespace"}.ValueType;type"};type"} destination);method"
	Relevant element: Full ID for 736637: @"(736555)<(15606)> : (1068);type". The ID may expand to @"{@"{@"{@"(19).System;namespace"}.Numerics;namespace"}.Vector`1 : {@"{@"(19).System;namespace"}.ValueType;type"};type"}<{@"{@"{@";namespace"}.System;namespace"}.Byte : {@"{@"(19).System;namespace"}.ValueType;type"};type"}> : {@"{@"{@";namespace"}.System;namespace"}.ValueType;type"};type"
	Relevant element: Full ID for 1108: @"(1104);typeRef". The ID may expand to @"{@"{@"{@";namespace"}.System;namespace"}.Boolean : {@"{@"(19).System;namespace"}.ValueType;type"};type"};typeRef"
	Relevant element: Full ID for 740343: @"(1104) (736555).TryCopyTo((225442) destination);method". The ID may expand to @"{@"{@"{@";namespace"}.System;namespace"}.Boolean : {@"{@"(19).System;namespace"}.ValueType;type"};type"} {@"{@"{@"(19).System;namespace"}.Numerics;namespace"}.Vector`1 : {@"{@"(19).System;namespace"}.ValueType;type"};type"}.TryCopyTo({@"{@"{@"(19).System;namespace"}.Span`1 : {@"(25).ValueType;type"};type"}<{@"{@"(19).System;namespace"}.Byte : {@"(25).ValueType;type"};type"}> : {@"{@"(19).System;namespace"}.ValueType;type"};type"} destination);method"
[INVALID_KEY] predicate constructors(@constructor id, string name, @type declaring_type_id, @constructor unbound_id): The key set {id} does not functionally determine all fields.
Here is a pair of tuples that agree on the key set but differ at index 3:
Tuple 1 in row 6392: (741347,"Vector",736637,740391)
Tuple 2 in row 6393: (741347,"Vector",736637,740399)
	Relevant element: Full ID for 741347: @"(736637)((65561) values);constructor". The ID may expand to @"{@"{@"{@"(25).Numerics;namespace"}.Vector`1 : {@"(25).ValueType;type"};type"}<{@"{@"(19).System;namespace"}.Byte : {@"(25).ValueType;type"};type"}> : {@"{@"(19).System;namespace"}.ValueType;type"};type"}({@"{@"{@"(19).System;namespace"}.ReadOnlySpan`1 : {@"(25).ValueType;type"};type"}<{@"{@"(19).System;namespace"}.Byte : {@"(25).ValueType;type"};type"}> : {@"{@"(19).System;namespace"}.ValueType;type"};type"} values);constructor"
	Relevant element: Full ID for 736637: @"(736555)<(15606)> : (1068);type". The ID may expand to @"{@"{@"{@"(19).System;namespace"}.Numerics;namespace"}.Vector`1 : {@"{@"(19).System;namespace"}.ValueType;type"};type"}<{@"{@"{@";namespace"}.System;namespace"}.Byte : {@"{@"(19).System;namespace"}.ValueType;type"};type"}> : {@"{@"{@";namespace"}.System;namespace"}.ValueType;type"};type"
	Relevant element: Full ID for 740391: @"(736555)((740390) values);constructor". The ID may expand to @"{@"{@"{@"(19).System;namespace"}.Numerics;namespace"}.Vector`1 : {@"{@"(19).System;namespace"}.ValueType;type"};type"}({@"{@"{@"(19).System;namespace"}.ReadOnlySpan`1 : {@"(25).ValueType;type"};type"}<{@"{@"(583198).Vector`1 : (1068);type"}_0;typeparameter"}> : {@"{@"(19).System;namespace"}.ValueType;type"};type"} values);constructor"
	Relevant element: Full ID for 741347: @"(736637)((65561) values);constructor". The ID may expand to @"{@"{@"{@"(25).Numerics;namespace"}.Vector`1 : {@"(25).ValueType;type"};type"}<{@"{@"(19).System;namespace"}.Byte : {@"(25).ValueType;type"};type"}> : {@"{@"(19).System;namespace"}.ValueType;type"};type"}({@"{@"{@"(19).System;namespace"}.ReadOnlySpan`1 : {@"(25).ValueType;type"};type"}<{@"{@"(19).System;namespace"}.Byte : {@"(25).ValueType;type"};type"}> : {@"{@"(19).System;namespace"}.ValueType;type"};type"} values);constructor"
	Relevant element: Full ID for 736637: @"(736555)<(15606)> : (1068);type". The ID may expand to @"{@"{@"{@"(19).System;namespace"}.Numerics;namespace"}.Vector`1 : {@"{@"(19).System;namespace"}.ValueType;type"};type"}<{@"{@"{@";namespace"}.System;namespace"}.Byte : {@"{@"(19).System;namespace"}.ValueType;type"};type"}> : {@"{@"{@";namespace"}.System;namespace"}.ValueType;type"};type"
	Relevant element: Full ID for 740399: @"(736555)((65561) values);constructor". The ID may expand to @"{@"{@"{@"(19).System;namespace"}.Numerics;namespace"}.Vector`1 : {@"{@"(19).System;namespace"}.ValueType;type"};type"}({@"{@"{@"(19).System;namespace"}.ReadOnlySpan`1 : {@"(25).ValueType;type"};type"}<{@"{@"(19).System;namespace"}.Byte : {@"(25).ValueType;type"};type"}> : {@"{@"(19).System;namespace"}.ValueType;type"};type"} values);constructor"
[INVALID_KEY_SET] predicate params(@parameter id, string name, @type_or_ref type_id, int index, int mode, @parameterizable parent_id, @parameter unbound_id): The key set {name, parent_id} does not functionally determine all fields.
Here is a pair of tuples that agree on the key set but differ at index 6:
Tuple 1 in row 66253: (744476,"destination",225442,0,0,741331,740234)
Tuple 2 in row 66254: (744476,"destination",225442,0,0,741331,740244)
	Relevant element: Full ID for 744476: @"(741331)_0;parameter". The ID may expand to @"{@"{@"{@"(19).System;namespace"}.Void : {@"(25).ValueType;type"};type"} {@"{@"(583198).Vector`1 : (1068);type"}<{@"(25).Byte : (1068);type"}> : {@"(25).ValueType;type"};type"}.CopyTo({@"{@"(25).Span`1 : (1068);type"}<{@"(25).Byte : (1068);type"}> : {@"(25).ValueType;type"};type"} destination);method"}_0;parameter"
	Relevant element: Full ID for 225442: @"(225440)<(15606)> : (1068);type". The ID may expand to @"{@"{@"{@";namespace"}.System;namespace"}.Span`1 : {@"{@"(19).System;namespace"}.ValueType;type"};type"}<{@"{@"{@";namespace"}.System;namespace"}.Byte : {@"{@"(19).System;namespace"}.ValueType;type"};type"}> : {@"{@"{@";namespace"}.System;namespace"}.ValueType;type"};type"
	Relevant element: Full ID for 741331: @"(1069) (736637).CopyTo((225442) destination);method". The ID may expand to @"{@"{@"{@";namespace"}.System;namespace"}.Void : {@"{@"(19).System;namespace"}.ValueType;type"};type"} {@"{@"{@"(25).Numerics;namespace"}.Vector`1 : {@"(25).ValueType;type"};type"}<{@"{@"(19).System;namespace"}.Byte : {@"(25).ValueType;type"};type"}> : {@"{@"(19).System;namespace"}.ValueType;type"};type"}.CopyTo({@"{@"{@"(19).System;namespace"}.Span`1 : {@"(25).ValueType;type"};type"}<{@"{@"(19).System;namespace"}.Byte : {@"(25).ValueType;type"};type"}> : {@"{@"(19).System;namespace"}.ValueType;type"};type"} destination);method"
	Relevant element: Full ID for 740234: @"(740231)_0;parameter". The ID may expand to @"{@"{@"{@"(19).System;namespace"}.Void : {@"(25).ValueType;type"};type"} {@"{@"(25).Numerics;namespace"}.Vector`1 : {@"(25).ValueType;type"};type"}.CopyTo({@"{@"(25).Span`1 : (1068);type"}<{@"(736555)_0;typeparameter"}> : {@"(25).ValueType;type"};type"} destination);method"}_0;parameter"
	Relevant element: Full ID for 744476: @"(741331)_0;parameter". The ID may expand to @"{@"{@"{@"(19).System;namespace"}.Void : {@"(25).ValueType;type"};type"} {@"{@"(583198).Vector`1 : (1068);type"}<{@"(25).Byte : (1068);type"}> : {@"(25).ValueType;type"};type"}.CopyTo({@"{@"(25).Span`1 : (1068);type"}<{@"(25).Byte : (1068);type"}> : {@"(25).ValueType;type"};type"} destination);method"}_0;parameter"
	Relevant element: Full ID for 225442: @"(225440)<(15606)> : (1068);type". The ID may expand to @"{@"{@"{@";namespace"}.System;namespace"}.Span`1 : {@"{@"(19).System;namespace"}.ValueType;type"};type"}<{@"{@"{@";namespace"}.System;namespace"}.Byte : {@"{@"(19).System;namespace"}.ValueType;type"};type"}> : {@"{@"{@";namespace"}.System;namespace"}.ValueType;type"};type"
	Relevant element: Full ID for 741331: @"(1069) (736637).CopyTo((225442) destination);method". The ID may expand to @"{@"{@"{@";namespace"}.System;namespace"}.Void : {@"{@"(19).System;namespace"}.ValueType;type"};type"} {@"{@"{@"(25).Numerics;namespace"}.Vector`1 : {@"(25).ValueType;type"};type"}<{@"{@"(19).System;namespace"}.Byte : {@"(25).ValueType;type"};type"}> : {@"{@"(19).System;namespace"}.ValueType;type"};type"}.CopyTo({@"{@"{@"(19).System;namespace"}.Span`1 : {@"(25).ValueType;type"};type"}<{@"{@"(19).System;namespace"}.Byte : {@"(25).ValueType;type"};type"}> : {@"{@"(19).System;namespace"}.ValueType;type"};type"} destination);method"
	Relevant element: Full ID for 740244: @"(740241)_0;parameter". The ID may expand to @"{@"{@"{@"(19).System;namespace"}.Void : {@"(25).ValueType;type"};type"} {@"{@"(25).Numerics;namespace"}.Vector`1 : {@"(25).ValueType;type"};type"}.CopyTo({@"{@"(25).Span`1 : (1068);type"}<{@"(25).Byte : (1068);type"}> : {@"(25).ValueType;type"};type"} destination);method"}_0;parameter"
[INVALID_KEY_SET] predicate params(@parameter id, string name, @type_or_ref type_id, int index, int mode, @parameterizable parent_id, @parameter unbound_id): The key set {name, parent_id} does not functionally determine all fields.
Here is a pair of tuples that agree on the key set but differ at index 6:
Tuple 1 in row 66262: (744512,"destination",225442,0,0,741344,740336)
Tuple 2 in row 66263: (744512,"destination",225442,0,0,741344,740346)
	Relevant element: Full ID for 744512: @"(741344)_0;parameter". The ID may expand to @"{@"{@"{@"(19).System;namespace"}.Boolean : {@"(25).ValueType;type"};type"} {@"{@"(583198).Vector`1 : (1068);type"}<{@"(25).Byte : (1068);type"}> : {@"(25).ValueType;type"};type"}.TryCopyTo({@"{@"(25).Span`1 : (1068);type"}<{@"(25).Byte : (1068);type"}> : {@"(25).ValueType;type"};type"} destination);method"}_0;parameter"
	Relevant element: Full ID for 225442: @"(225440)<(15606)> : (1068);type". The ID may expand to @"{@"{@"{@";namespace"}.System;namespace"}.Span`1 : {@"{@"(19).System;namespace"}.ValueType;type"};type"}<{@"{@"{@";namespace"}.System;namespace"}.Byte : {@"{@"(19).System;namespace"}.ValueType;type"};type"}> : {@"{@"{@";namespace"}.System;namespace"}.ValueType;type"};type"
	Relevant element: Full ID for 741344: @"(1104) (736637).TryCopyTo((225442) destination);method". The ID may expand to @"{@"{@"{@";namespace"}.System;namespace"}.Boolean : {@"{@"(19).System;namespace"}.ValueType;type"};type"} {@"{@"{@"(25).Numerics;namespace"}.Vector`1 : {@"(25).ValueType;type"};type"}<{@"{@"(19).System;namespace"}.Byte : {@"(25).ValueType;type"};type"}> : {@"{@"(19).System;namespace"}.ValueType;type"};type"}.TryCopyTo({@"{@"{@"(19).System;namespace"}.Span`1 : {@"(25).ValueType;type"};type"}<{@"{@"(19).System;namespace"}.Byte : {@"(25).ValueType;type"};type"}> : {@"{@"(19).System;namespace"}.ValueType;type"};type"} destination);method"
	Relevant element: Full ID for 740336: @"(740333)_0;parameter". The ID may expand to @"{@"{@"{@"(19).System;namespace"}.Boolean : {@"(25).ValueType;type"};type"} {@"{@"(25).Numerics;namespace"}.Vector`1 : {@"(25).ValueType;type"};type"}.TryCopyTo({@"{@"(25).Span`1 : (1068);type"}<{@"(736555)_0;typeparameter"}> : {@"(25).ValueType;type"};type"} destination);method"}_0;parameter"
	Relevant element: Full ID for 744512: @"(741344)_0;parameter". The ID may expand to @"{@"{@"{@"(19).System;namespace"}.Boolean : {@"(25).ValueType;type"};type"} {@"{@"(583198).Vector`1 : (1068);type"}<{@"(25).Byte : (1068);type"}> : {@"(25).ValueType;type"};type"}.TryCopyTo({@"{@"(25).Span`1 : (1068);type"}<{@"(25).Byte : (1068);type"}> : {@"(25).ValueType;type"};type"} destination);method"}_0;parameter"
	Relevant element: Full ID for 225442: @"(225440)<(15606)> : (1068);type". The ID may expand to @"{@"{@"{@";namespace"}.System;namespace"}.Span`1 : {@"{@"(19).System;namespace"}.ValueType;type"};type"}<{@"{@"{@";namespace"}.System;namespace"}.Byte : {@"{@"(19).System;namespace"}.ValueType;type"};type"}> : {@"{@"{@";namespace"}.System;namespace"}.ValueType;type"};type"
	Relevant element: Full ID for 741344: @"(1104) (736637).TryCopyTo((225442) destination);method". The ID may expand to @"{@"{@"{@";namespace"}.System;namespace"}.Boolean : {@"{@"(19).System;namespace"}.ValueType;type"};type"} {@"{@"{@"(25).Numerics;namespace"}.Vector`1 : {@"(25).ValueType;type"};type"}<{@"{@"(19).System;namespace"}.Byte : {@"(25).ValueType;type"};type"}> : {@"{@"(19).System;namespace"}.ValueType;type"};type"}.TryCopyTo({@"{@"{@"(19).System;namespace"}.Span`1 : {@"(25).ValueType;type"};type"}<{@"{@"(19).System;namespace"}.Byte : {@"(25).ValueType;type"};type"}> : {@"{@"(19).System;namespace"}.ValueType;type"};type"} destination);method"
	Relevant element: Full ID for 740346: @"(740343)_0;parameter". The ID may expand to @"{@"{@"{@"(19).System;namespace"}.Boolean : {@"(25).ValueType;type"};type"} {@"{@"(25).Numerics;namespace"}.Vector`1 : {@"(25).ValueType;type"};type"}.TryCopyTo({@"{@"(25).Span`1 : (1068);type"}<{@"(25).Byte : (1068);type"}> : {@"(25).ValueType;type"};type"} destination);method"}_0;parameter"
[INVALID_KEY_SET] predicate params(@parameter id, string name, @type_or_ref type_id, int index, int mode, @parameterizable parent_id, @parameter unbound_id): The key set {name, parent_id} does not functionally determine all fields.
Here is a pair of tuples that agree on the key set but differ at index 6:
Tuple 1 in row 66269: (744532,"values",65561,0,0,741347,740394)
Tuple 2 in row 66270: (744532,"values",65561,0,0,741347,740402)
	Relevant element: Full ID for 744532: @"(741347)_0;parameter". The ID may expand to @"{@"{@"{@"(583198).Vector`1 : (1068);type"}<{@"(25).Byte : (1068);type"}> : {@"(25).ValueType;type"};type"}({@"{@"(25).ReadOnlySpan`1 : (1068);type"}<{@"(25).Byte : (1068);type"}> : {@"(25).ValueType;type"};type"} values);constructor"}_0;parameter"
	Relevant element: Full ID for 65561: @"(65559)<(15606)> : (1068);type". The ID may expand to @"{@"{@"{@";namespace"}.System;namespace"}.ReadOnlySpan`1 : {@"{@"(19).System;namespace"}.ValueType;type"};type"}<{@"{@"{@";namespace"}.System;namespace"}.Byte : {@"{@"(19).System;namespace"}.ValueType;type"};type"}> : {@"{@"{@";namespace"}.System;namespace"}.ValueType;type"};type"
	Relevant element: Full ID for 741347: @"(736637)((65561) values);constructor". The ID may expand to @"{@"{@"{@"(25).Numerics;namespace"}.Vector`1 : {@"(25).ValueType;type"};type"}<{@"{@"(19).System;namespace"}.Byte : {@"(25).ValueType;type"};type"}> : {@"{@"(19).System;namespace"}.ValueType;type"};type"}({@"{@"{@"(19).System;namespace"}.ReadOnlySpan`1 : {@"(25).ValueType;type"};type"}<{@"{@"(19).System;namespace"}.Byte : {@"(25).ValueType;type"};type"}> : {@"{@"(19).System;namespace"}.ValueType;type"};type"} values);constructor"
	Relevant element: Full ID for 740394: @"(740391)_0;parameter". The ID may expand to @"{@"{@"{@"(25).Numerics;namespace"}.Vector`1 : {@"(25).ValueType;type"};type"}({@"{@"(25).ReadOnlySpan`1 : (1068);type"}<{@"(736555)_0;typeparameter"}> : {@"(25).ValueType;type"};type"} values);constructor"}_0;parameter"
	Relevant element: Full ID for 744532: @"(741347)_0;parameter". The ID may expand to @"{@"{@"{@"(583198).Vector`1 : (1068);type"}<{@"(25).Byte : (1068);type"}> : {@"(25).ValueType;type"};type"}({@"{@"(25).ReadOnlySpan`1 : (1068);type"}<{@"(25).Byte : (1068);type"}> : {@"(25).ValueType;type"};type"} values);constructor"}_0;parameter"
	Relevant element: Full ID for 65561: @"(65559)<(15606)> : (1068);type". The ID may expand to @"{@"{@"{@";namespace"}.System;namespace"}.ReadOnlySpan`1 : {@"{@"(19).System;namespace"}.ValueType;type"};type"}<{@"{@"{@";namespace"}.System;namespace"}.Byte : {@"{@"(19).System;namespace"}.ValueType;type"};type"}> : {@"{@"{@";namespace"}.System;namespace"}.ValueType;type"};type"
	Relevant element: Full ID for 741347: @"(736637)((65561) values);constructor". The ID may expand to @"{@"{@"{@"(25).Numerics;namespace"}.Vector`1 : {@"(25).ValueType;type"};type"}<{@"{@"(19).System;namespace"}.Byte : {@"(25).ValueType;type"};type"}> : {@"{@"(19).System;namespace"}.ValueType;type"};type"}({@"{@"{@"(19).System;namespace"}.ReadOnlySpan`1 : {@"(25).ValueType;type"};type"}<{@"{@"(19).System;namespace"}.Byte : {@"(25).ValueType;type"};type"}> : {@"{@"(19).System;namespace"}.ValueType;type"};type"} values);constructor"
	Relevant element: Full ID for 740402: @"(740399)_0;parameter". The ID may expand to @"{@"{@"{@"(25).Numerics;namespace"}.Vector`1 : {@"(25).ValueType;type"};type"}({@"{@"(25).ReadOnlySpan`1 : (1068);type"}<{@"(25).Byte : (1068);type"}> : {@"(25).ValueType;type"};type"} values);constructor"}_0;parameter"
[INVALID_KEY_SET] predicate params(@parameter id, string name, @type_or_ref type_id, int index, int mode, @parameterizable parent_id, @parameter unbound_id): The key set {index, parent_id} does not functionally determine all fields.
Here is a pair of tuples that agree on the key set but differ at index 6:
Tuple 1 in row 66253: (744476,"destination",225442,0,0,741331,740234)
Tuple 2 in row 66254: (744476,"destination",225442,0,0,741331,740244)
	Relevant element: Full ID for 744476: @"(741331)_0;parameter". The ID may expand to @"{@"{@"{@"(19).System;namespace"}.Void : {@"(25).ValueType;type"};type"} {@"{@"(583198).Vector`1 : (1068);type"}<{@"(25).Byte : (1068);type"}> : {@"(25).ValueType;type"};type"}.CopyTo({@"{@"(25).Span`1 : (1068);type"}<{@"(25).Byte : (1068);type"}> : {@"(25).ValueType;type"};type"} destination);method"}_0;parameter"
	Relevant element: Full ID for 225442: @"(225440)<(15606)> : (1068);type". The ID may expand to @"{@"{@"{@";namespace"}.System;namespace"}.Span`1 : {@"{@"(19).System;namespace"}.ValueType;type"};type"}<{@"{@"{@";namespace"}.System;namespace"}.Byte : {@"{@"(19).System;namespace"}.ValueType;type"};type"}> : {@"{@"{@";namespace"}.System;namespace"}.ValueType;type"};type"
	Relevant element: Full ID for 741331: @"(1069) (736637).CopyTo((225442) destination);method". The ID may expand to @"{@"{@"{@";namespace"}.System;namespace"}.Void : {@"{@"(19).System;namespace"}.ValueType;type"};type"} {@"{@"{@"(25).Numerics;namespace"}.Vector`1 : {@"(25).ValueType;type"};type"}<{@"{@"(19).System;namespace"}.Byte : {@"(25).ValueType;type"};type"}> : {@"{@"(19).System;namespace"}.ValueType;type"};type"}.CopyTo({@"{@"{@"(19).System;namespace"}.Span`1 : {@"(25).ValueType;type"};type"}<{@"{@"(19).System;namespace"}.Byte : {@"(25).ValueType;type"};type"}> : {@"{@"(19).System;namespace"}.ValueType;type"};type"} destination);method"
	Relevant element: Full ID for 740234: @"(740231)_0;parameter". The ID may expand to @"{@"{@"{@"(19).System;namespace"}.Void : {@"(25).ValueType;type"};type"} {@"{@"(25).Numerics;namespace"}.Vector`1 : {@"(25).ValueType;type"};type"}.CopyTo({@"{@"(25).Span`1 : (1068);type"}<{@"(736555)_0;typeparameter"}> : {@"(25).ValueType;type"};type"} destination);method"}_0;parameter"
	Relevant element: Full ID for 744476: @"(741331)_0;parameter". The ID may expand to @"{@"{@"{@"(19).System;namespace"}.Void : {@"(25).ValueType;type"};type"} {@"{@"(583198).Vector`1 : (1068);type"}<{@"(25).Byte : (1068);type"}> : {@"(25).ValueType;type"};type"}.CopyTo({@"{@"(25).Span`1 : (1068);type"}<{@"(25).Byte : (1068);type"}> : {@"(25).ValueType;type"};type"} destination);method"}_0;parameter"
	Relevant element: Full ID for 225442: @"(225440)<(15606)> : (1068);type". The ID may expand to @"{@"{@"{@";namespace"}.System;namespace"}.Span`1 : {@"{@"(19).System;namespace"}.ValueType;type"};type"}<{@"{@"{@";namespace"}.System;namespace"}.Byte : {@"{@"(19).System;namespace"}.ValueType;type"};type"}> : {@"{@"{@";namespace"}.System;namespace"}.ValueType;type"};type"
	Relevant element: Full ID for 741331: @"(1069) (736637).CopyTo((225442) destination);method". The ID may expand to @"{@"{@"{@";namespace"}.System;namespace"}.Void : {@"{@"(19).System;namespace"}.ValueType;type"};type"} {@"{@"{@"(25).Numerics;namespace"}.Vector`1 : {@"(25).ValueType;type"};type"}<{@"{@"(19).System;namespace"}.Byte : {@"(25).ValueType;type"};type"}> : {@"{@"(19).System;namespace"}.ValueType;type"};type"}.CopyTo({@"{@"{@"(19).System;namespace"}.Span`1 : {@"(25).ValueType;type"};type"}<{@"{@"(19).System;namespace"}.Byte : {@"(25).ValueType;type"};type"}> : {@"{@"(19).System;namespace"}.ValueType;type"};type"} destination);method"
	Relevant element: Full ID for 740244: @"(740241)_0;parameter". The ID may expand to @"{@"{@"{@"(19).System;namespace"}.Void : {@"(25).ValueType;type"};type"} {@"{@"(25).Numerics;namespace"}.Vector`1 : {@"(25).ValueType;type"};type"}.CopyTo({@"{@"(25).Span`1 : (1068);type"}<{@"(25).Byte : (1068);type"}> : {@"(25).ValueType;type"};type"} destination);method"}_0;parameter"
[INVALID_KEY_SET] predicate params(@parameter id, string name, @type_or_ref type_id, int index, int mode, @parameterizable parent_id, @parameter unbound_id): The key set {index, parent_id} does not functionally determine all fields.
Here is a pair of tuples that agree on the key set but differ at index 6:
Tuple 1 in row 66262: (744512,"destination",225442,0,0,741344,740336)
Tuple 2 in row 66263: (744512,"destination",225442,0,0,741344,740346)
	Relevant element: Full ID for 744512: @"(741344)_0;parameter". The ID may expand to @"{@"{@"{@"(19).System;namespace"}.Boolean : {@"(25).ValueType;type"};type"} {@"{@"(583198).Vector`1 : (1068);type"}<{@"(25).Byte : (1068);type"}> : {@"(25).ValueType;type"};type"}.TryCopyTo({@"{@"(25).Span`1 : (1068);type"}<{@"(25).Byte : (1068);type"}> : {@"(25).ValueType;type"};type"} destination);method"}_0;parameter"
	Relevant element: Full ID for 225442: @"(225440)<(15606)> : (1068);type". The ID may expand to @"{@"{@"{@";namespace"}.System;namespace"}.Span`1 : {@"{@"(19).System;namespace"}.ValueType;type"};type"}<{@"{@"{@";namespace"}.System;namespace"}.Byte : {@"{@"(19).System;namespace"}.ValueType;type"};type"}> : {@"{@"{@";namespace"}.System;namespace"}.ValueType;type"};type"
	Relevant element: Full ID for 741344: @"(1104) (736637).TryCopyTo((225442) destination);method". The ID may expand to @"{@"{@"{@";namespace"}.System;namespace"}.Boolean : {@"{@"(19).System;namespace"}.ValueType;type"};type"} {@"{@"{@"(25).Numerics;namespace"}.Vector`1 : {@"(25).ValueType;type"};type"}<{@"{@"(19).System;namespace"}.Byte : {@"(25).ValueType;type"};type"}> : {@"{@"(19).System;namespace"}.ValueType;type"};type"}.TryCopyTo({@"{@"{@"(19).System;namespace"}.Span`1 : {@"(25).ValueType;type"};type"}<{@"{@"(19).System;namespace"}.Byte : {@"(25).ValueType;type"};type"}> : {@"{@"(19).System;namespace"}.ValueType;type"};type"} destination);method"
	Relevant element: Full ID for 740336: @"(740333)_0;parameter". The ID may expand to @"{@"{@"{@"(19).System;namespace"}.Boolean : {@"(25).ValueType;type"};type"} {@"{@"(25).Numerics;namespace"}.Vector`1 : {@"(25).ValueType;type"};type"}.TryCopyTo({@"{@"(25).Span`1 : (1068);type"}<{@"(736555)_0;typeparameter"}> : {@"(25).ValueType;type"};type"} destination);method"}_0;parameter"
	Relevant element: Full ID for 744512: @"(741344)_0;parameter". The ID may expand to @"{@"{@"{@"(19).System;namespace"}.Boolean : {@"(25).ValueType;type"};type"} {@"{@"(583198).Vector`1 : (1068);type"}<{@"(25).Byte : (1068);type"}> : {@"(25).ValueType;type"};type"}.TryCopyTo({@"{@"(25).Span`1 : (1068);type"}<{@"(25).Byte : (1068);type"}> : {@"(25).ValueType;type"};type"} destination);method"}_0;parameter"
	Relevant element: Full ID for 225442: @"(225440)<(15606)> : (1068);type". The ID may expand to @"{@"{@"{@";namespace"}.System;namespace"}.Span`1 : {@"{@"(19).System;namespace"}.ValueType;type"};type"}<{@"{@"{@";namespace"}.System;namespace"}.Byte : {@"{@"(19).System;namespace"}.ValueType;type"};type"}> : {@"{@"{@";namespace"}.System;namespace"}.ValueType;type"};type"
	Relevant element: Full ID for 741344: @"(1104) (736637).TryCopyTo((225442) destination);method". The ID may expand to @"{@"{@"{@";namespace"}.System;namespace"}.Boolean : {@"{@"(19).System;namespace"}.ValueType;type"};type"} {@"{@"{@"(25).Numerics;namespace"}.Vector`1 : {@"(25).ValueType;type"};type"}<{@"{@"(19).System;namespace"}.Byte : {@"(25).ValueType;type"};type"}> : {@"{@"(19).System;namespace"}.ValueType;type"};type"}.TryCopyTo({@"{@"{@"(19).System;namespace"}.Span`1 : {@"(25).ValueType;type"};type"}<{@"{@"(19).System;namespace"}.Byte : {@"(25).ValueType;type"};type"}> : {@"{@"(19).System;namespace"}.ValueType;type"};type"} destination);method"
	Relevant element: Full ID for 740346: @"(740343)_0;parameter". The ID may expand to @"{@"{@"{@"(19).System;namespace"}.Boolean : {@"(25).ValueType;type"};type"} {@"{@"(25).Numerics;namespace"}.Vector`1 : {@"(25).ValueType;type"};type"}.TryCopyTo({@"{@"(25).Span`1 : (1068);type"}<{@"(25).Byte : (1068);type"}> : {@"(25).ValueType;type"};type"} destination);method"}_0;parameter"
[INVALID_KEY_SET] predicate params(@parameter id, string name, @type_or_ref type_id, int index, int mode, @parameterizable parent_id, @parameter unbound_id): The key set {index, parent_id} does not functionally determine all fields.
Here is a pair of tuples that agree on the key set but differ at index 6:
Tuple 1 in row 66269: (744532,"values",65561,0,0,741347,740394)
Tuple 2 in row 66270: (744532,"values",65561,0,0,741347,740402)
	Relevant element: Full ID for 744532: @"(741347)_0;parameter". The ID may expand to @"{@"{@"{@"(583198).Vector`1 : (1068);type"}<{@"(25).Byte : (1068);type"}> : {@"(25).ValueType;type"};type"}({@"{@"(25).ReadOnlySpan`1 : (1068);type"}<{@"(25).Byte : (1068);type"}> : {@"(25).ValueType;type"};type"} values);constructor"}_0;parameter"
	Relevant element: Full ID for 65561: @"(65559)<(15606)> : (1068);type". The ID may expand to @"{@"{@"{@";namespace"}.System;namespace"}.ReadOnlySpan`1 : {@"{@"(19).System;namespace"}.ValueType;type"};type"}<{@"{@"{@";namespace"}.System;namespace"}.Byte : {@"{@"(19).System;namespace"}.ValueType;type"};type"}> : {@"{@"{@";namespace"}.System;namespace"}.ValueType;type"};type"
	Relevant element: Full ID for 741347: @"(736637)((65561) values);constructor". The ID may expand to @"{@"{@"{@"(25).Numerics;namespace"}.Vector`1 : {@"(25).ValueType;type"};type"}<{@"{@"(19).System;namespace"}.Byte : {@"(25).ValueType;type"};type"}> : {@"{@"(19).System;namespace"}.ValueType;type"};type"}({@"{@"{@"(19).System;namespace"}.ReadOnlySpan`1 : {@"(25).ValueType;type"};type"}<{@"{@"(19).System;namespace"}.Byte : {@"(25).ValueType;type"};type"}> : {@"{@"(19).System;namespace"}.ValueType;type"};type"} values);constructor"
	Relevant element: Full ID for 740394: @"(740391)_0;parameter". The ID may expand to @"{@"{@"{@"(25).Numerics;namespace"}.Vector`1 : {@"(25).ValueType;type"};type"}({@"{@"(25).ReadOnlySpan`1 : (1068);type"}<{@"(736555)_0;typeparameter"}> : {@"(25).ValueType;type"};type"} values);constructor"}_0;parameter"
	Relevant element: Full ID for 744532: @"(741347)_0;parameter". The ID may expand to @"{@"{@"{@"(583198).Vector`1 : (1068);type"}<{@"(25).Byte : (1068);type"}> : {@"(25).ValueType;type"};type"}({@"{@"(25).ReadOnlySpan`1 : (1068);type"}<{@"(25).Byte : (1068);type"}> : {@"(25).ValueType;type"};type"} values);constructor"}_0;parameter"
	Relevant element: Full ID for 65561: @"(65559)<(15606)> : (1068);type". The ID may expand to @"{@"{@"{@";namespace"}.System;namespace"}.ReadOnlySpan`1 : {@"{@"(19).System;namespace"}.ValueType;type"};type"}<{@"{@"{@";namespace"}.System;namespace"}.Byte : {@"{@"(19).System;namespace"}.ValueType;type"};type"}> : {@"{@"{@";namespace"}.System;namespace"}.ValueType;type"};type"
	Relevant element: Full ID for 741347: @"(736637)((65561) values);constructor". The ID may expand to @"{@"{@"{@"(25).Numerics;namespace"}.Vector`1 : {@"(25).ValueType;type"};type"}<{@"{@"(19).System;namespace"}.Byte : {@"(25).ValueType;type"};type"}> : {@"{@"(19).System;namespace"}.ValueType;type"};type"}({@"{@"{@"(19).System;namespace"}.ReadOnlySpan`1 : {@"(25).ValueType;type"};type"}<{@"{@"(19).System;namespace"}.Byte : {@"(25).ValueType;type"};type"}> : {@"{@"(19).System;namespace"}.ValueType;type"};type"} values);constructor"
	Relevant element: Full ID for 740402: @"(740399)_0;parameter". The ID may expand to @"{@"{@"{@"(25).Numerics;namespace"}.Vector`1 : {@"(25).ValueType;type"};type"}({@"{@"(25).ReadOnlySpan`1 : (1068);type"}<{@"(25).Byte : (1068);type"}> : {@"(25).ValueType;type"};type"} values);constructor"}_0;parameter"
[INVALID_KEY] predicate params(@parameter id, string name, @type_or_ref type_id, int index, int mode, @parameterizable parent_id, @parameter unbound_id): The key set {id} does not functionally determine all fields.
Here is a pair of tuples that agree on the key set but differ at index 6:
Tuple 1 in row 66253: (744476,"destination",225442,0,0,741331,740234)
Tuple 2 in row 66254: (744476,"destination",225442,0,0,741331,740244)
	Relevant element: Full ID for 744476: @"(741331)_0;parameter". The ID may expand to @"{@"{@"{@"(19).System;namespace"}.Void : {@"(25).ValueType;type"};type"} {@"{@"(583198).Vector`1 : (1068);type"}<{@"(25).Byte : (1068);type"}> : {@"(25).ValueType;type"};type"}.CopyTo({@"{@"(25).Span`1 : (1068);type"}<{@"(25).Byte : (1068);type"}> : {@"(25).ValueType;type"};type"} destination);method"}_0;parameter"
	Relevant element: Full ID for 225442: @"(225440)<(15606)> : (1068);type". The ID may expand to @"{@"{@"{@";namespace"}.System;namespace"}.Span`1 : {@"{@"(19).System;namespace"}.ValueType;type"};type"}<{@"{@"{@";namespace"}.System;namespace"}.Byte : {@"{@"(19).System;namespace"}.ValueType;type"};type"}> : {@"{@"{@";namespace"}.System;namespace"}.ValueType;type"};type"
	Relevant element: Full ID for 741331: @"(1069) (736637).CopyTo((225442) destination);method". The ID may expand to @"{@"{@"{@";namespace"}.System;namespace"}.Void : {@"{@"(19).System;namespace"}.ValueType;type"};type"} {@"{@"{@"(25).Numerics;namespace"}.Vector`1 : {@"(25).ValueType;type"};type"}<{@"{@"(19).System;namespace"}.Byte : {@"(25).ValueType;type"};type"}> : {@"{@"(19).System;namespace"}.ValueType;type"};type"}.CopyTo({@"{@"{@"(19).System;namespace"}.Span`1 : {@"(25).ValueType;type"};type"}<{@"{@"(19).System;namespace"}.Byte : {@"(25).ValueType;type"};type"}> : {@"{@"(19).System;namespace"}.ValueType;type"};type"} destination);method"
	Relevant element: Full ID for 740234: @"(740231)_0;parameter". The ID may expand to @"{@"{@"{@"(19).System;namespace"}.Void : {@"(25).ValueType;type"};type"} {@"{@"(25).Numerics;namespace"}.Vector`1 : {@"(25).ValueType;type"};type"}.CopyTo({@"{@"(25).Span`1 : (1068);type"}<{@"(736555)_0;typeparameter"}> : {@"(25).ValueType;type"};type"} destination);method"}_0;parameter"
	Relevant element: Full ID for 744476: @"(741331)_0;parameter". The ID may expand to @"{@"{@"{@"(19).System;namespace"}.Void : {@"(25).ValueType;type"};type"} {@"{@"(583198).Vector`1 : (1068);type"}<{@"(25).Byte : (1068);type"}> : {@"(25).ValueType;type"};type"}.CopyTo({@"{@"(25).Span`1 : (1068);type"}<{@"(25).Byte : (1068);type"}> : {@"(25).ValueType;type"};type"} destination);method"}_0;parameter"
	Relevant element: Full ID for 225442: @"(225440)<(15606)> : (1068);type". The ID may expand to @"{@"{@"{@";namespace"}.System;namespace"}.Span`1 : {@"{@"(19).System;namespace"}.ValueType;type"};type"}<{@"{@"{@";namespace"}.System;namespace"}.Byte : {@"{@"(19).System;namespace"}.ValueType;type"};type"}> : {@"{@"{@";namespace"}.System;namespace"}.ValueType;type"};type"
	Relevant element: Full ID for 741331: @"(1069) (736637).CopyTo((225442) destination);method". The ID may expand to @"{@"{@"{@";namespace"}.System;namespace"}.Void : {@"{@"(19).System;namespace"}.ValueType;type"};type"} {@"{@"{@"(25).Numerics;namespace"}.Vector`1 : {@"(25).ValueType;type"};type"}<{@"{@"(19).System;namespace"}.Byte : {@"(25).ValueType;type"};type"}> : {@"{@"(19).System;namespace"}.ValueType;type"};type"}.CopyTo({@"{@"{@"(19).System;namespace"}.Span`1 : {@"(25).ValueType;type"};type"}<{@"{@"(19).System;namespace"}.Byte : {@"(25).ValueType;type"};type"}> : {@"{@"(19).System;namespace"}.ValueType;type"};type"} destination);method"
	Relevant element: Full ID for 740244: @"(740241)_0;parameter". The ID may expand to @"{@"{@"{@"(19).System;namespace"}.Void : {@"(25).ValueType;type"};type"} {@"{@"(25).Numerics;namespace"}.Vector`1 : {@"(25).ValueType;type"};type"}.CopyTo({@"{@"(25).Span`1 : (1068);type"}<{@"(25).Byte : (1068);type"}> : {@"(25).ValueType;type"};type"} destination);method"}_0;parameter"
[INVALID_KEY] predicate params(@parameter id, string name, @type_or_ref type_id, int index, int mode, @parameterizable parent_id, @parameter unbound_id): The key set {id} does not functionally determine all fields.
Here is a pair of tuples that agree on the key set but differ at index 6:
Tuple 1 in row 66262: (744512,"destination",225442,0,0,741344,740336)
Tuple 2 in row 66263: (744512,"destination",225442,0,0,741344,740346)
	Relevant element: Full ID for 744512: @"(741344)_0;parameter". The ID may expand to @"{@"{@"{@"(19).System;namespace"}.Boolean : {@"(25).ValueType;type"};type"} {@"{@"(583198).Vector`1 : (1068);type"}<{@"(25).Byte : (1068);type"}> : {@"(25).ValueType;type"};type"}.TryCopyTo({@"{@"(25).Span`1 : (1068);type"}<{@"(25).Byte : (1068);type"}> : {@"(25).ValueType;type"};type"} destination);method"}_0;parameter"
	Relevant element: Full ID for 225442: @"(225440)<(15606)> : (1068);type". The ID may expand to @"{@"{@"{@";namespace"}.System;namespace"}.Span`1 : {@"{@"(19).System;namespace"}.ValueType;type"};type"}<{@"{@"{@";namespace"}.System;namespace"}.Byte : {@"{@"(19).System;namespace"}.ValueType;type"};type"}> : {@"{@"{@";namespace"}.System;namespace"}.ValueType;type"};type"
	Relevant element: Full ID for 741344: @"(1104) (736637).TryCopyTo((225442) destination);method". The ID may expand to @"{@"{@"{@";namespace"}.System;namespace"}.Boolean : {@"{@"(19).System;namespace"}.ValueType;type"};type"} {@"{@"{@"(25).Numerics;namespace"}.Vector`1 : {@"(25).ValueType;type"};type"}<{@"{@"(19).System;namespace"}.Byte : {@"(25).ValueType;type"};type"}> : {@"{@"(19).System;namespace"}.ValueType;type"};type"}.TryCopyTo({@"{@"{@"(19).System;namespace"}.Span`1 : {@"(25).ValueType;type"};type"}<{@"{@"(19).System;namespace"}.Byte : {@"(25).ValueType;type"};type"}> : {@"{@"(19).System;namespace"}.ValueType;type"};type"} destination);method"
	Relevant element: Full ID for 740336: @"(740333)_0;parameter". The ID may expand to @"{@"{@"{@"(19).System;namespace"}.Boolean : {@"(25).ValueType;type"};type"} {@"{@"(25).Numerics;namespace"}.Vector`1 : {@"(25).ValueType;type"};type"}.TryCopyTo({@"{@"(25).Span`1 : (1068);type"}<{@"(736555)_0;typeparameter"}> : {@"(25).ValueType;type"};type"} destination);method"}_0;parameter"
	Relevant element: Full ID for 744512: @"(741344)_0;parameter". The ID may expand to @"{@"{@"{@"(19).System;namespace"}.Boolean : {@"(25).ValueType;type"};type"} {@"{@"(583198).Vector`1 : (1068);type"}<{@"(25).Byte : (1068);type"}> : {@"(25).ValueType;type"};type"}.TryCopyTo({@"{@"(25).Span`1 : (1068);type"}<{@"(25).Byte : (1068);type"}> : {@"(25).ValueType;type"};type"} destination);method"}_0;parameter"
	Relevant element: Full ID for 225442: @"(225440)<(15606)> : (1068);type". The ID may expand to @"{@"{@"{@";namespace"}.System;namespace"}.Span`1 : {@"{@"(19).System;namespace"}.ValueType;type"};type"}<{@"{@"{@";namespace"}.System;namespace"}.Byte : {@"{@"(19).System;namespace"}.ValueType;type"};type"}> : {@"{@"{@";namespace"}.System;namespace"}.ValueType;type"};type"
	Relevant element: Full ID for 741344: @"(1104) (736637).TryCopyTo((225442) destination);method". The ID may expand to @"{@"{@"{@";namespace"}.System;namespace"}.Boolean : {@"{@"(19).System;namespace"}.ValueType;type"};type"} {@"{@"{@"(25).Numerics;namespace"}.Vector`1 : {@"(25).ValueType;type"};type"}<{@"{@"(19).System;namespace"}.Byte : {@"(25).ValueType;type"};type"}> : {@"{@"(19).System;namespace"}.ValueType;type"};type"}.TryCopyTo({@"{@"{@"(19).System;namespace"}.Span`1 : {@"(25).ValueType;type"};type"}<{@"{@"(19).System;namespace"}.Byte : {@"(25).ValueType;type"};type"}> : {@"{@"(19).System;namespace"}.ValueType;type"};type"} destination);method"
	Relevant element: Full ID for 740346: @"(740343)_0;parameter". The ID may expand to @"{@"{@"{@"(19).System;namespace"}.Boolean : {@"(25).ValueType;type"};type"} {@"{@"(25).Numerics;namespace"}.Vector`1 : {@"(25).ValueType;type"};type"}.TryCopyTo({@"{@"(25).Span`1 : (1068);type"}<{@"(25).Byte : (1068);type"}> : {@"(25).ValueType;type"};type"} destination);method"}_0;parameter"
[INVALID_KEY] predicate params(@parameter id, string name, @type_or_ref type_id, int index, int mode, @parameterizable parent_id, @parameter unbound_id): The key set {id} does not functionally determine all fields.
Here is a pair of tuples that agree on the key set but differ at index 6:
Tuple 1 in row 66269: (744532,"values",65561,0,0,741347,740394)
Tuple 2 in row 66270: (744532,"values",65561,0,0,741347,740402)
	Relevant element: Full ID for 744532: @"(741347)_0;parameter". The ID may expand to @"{@"{@"{@"(583198).Vector`1 : (1068);type"}<{@"(25).Byte : (1068);type"}> : {@"(25).ValueType;type"};type"}({@"{@"(25).ReadOnlySpan`1 : (1068);type"}<{@"(25).Byte : (1068);type"}> : {@"(25).ValueType;type"};type"} values);constructor"}_0;parameter"
	Relevant element: Full ID for 65561: @"(65559)<(15606)> : (1068);type". The ID may expand to @"{@"{@"{@";namespace"}.System;namespace"}.ReadOnlySpan`1 : {@"{@"(19).System;namespace"}.ValueType;type"};type"}<{@"{@"{@";namespace"}.System;namespace"}.Byte : {@"{@"(19).System;namespace"}.ValueType;type"};type"}> : {@"{@"{@";namespace"}.System;namespace"}.ValueType;type"};type"
	Relevant element: Full ID for 741347: @"(736637)((65561) values);constructor". The ID may expand to @"{@"{@"{@"(25).Numerics;namespace"}.Vector`1 : {@"(25).ValueType;type"};type"}<{@"{@"(19).System;namespace"}.Byte : {@"(25).ValueType;type"};type"}> : {@"{@"(19).System;namespace"}.ValueType;type"};type"}({@"{@"{@"(19).System;namespace"}.ReadOnlySpan`1 : {@"(25).ValueType;type"};type"}<{@"{@"(19).System;namespace"}.Byte : {@"(25).ValueType;type"};type"}> : {@"{@"(19).System;namespace"}.ValueType;type"};type"} values);constructor"
	Relevant element: Full ID for 740394: @"(740391)_0;parameter". The ID may expand to @"{@"{@"{@"(25).Numerics;namespace"}.Vector`1 : {@"(25).ValueType;type"};type"}({@"{@"(25).ReadOnlySpan`1 : (1068);type"}<{@"(736555)_0;typeparameter"}> : {@"(25).ValueType;type"};type"} values);constructor"}_0;parameter"
	Relevant element: Full ID for 744532: @"(741347)_0;parameter". The ID may expand to @"{@"{@"{@"(583198).Vector`1 : (1068);type"}<{@"(25).Byte : (1068);type"}> : {@"(25).ValueType;type"};type"}({@"{@"(25).ReadOnlySpan`1 : (1068);type"}<{@"(25).Byte : (1068);type"}> : {@"(25).ValueType;type"};type"} values);constructor"}_0;parameter"
	Relevant element: Full ID for 65561: @"(65559)<(15606)> : (1068);type". The ID may expand to @"{@"{@"{@";namespace"}.System;namespace"}.ReadOnlySpan`1 : {@"{@"(19).System;namespace"}.ValueType;type"};type"}<{@"{@"{@";namespace"}.System;namespace"}.Byte : {@"{@"(19).System;namespace"}.ValueType;type"};type"}> : {@"{@"{@";namespace"}.System;namespace"}.ValueType;type"};type"
	Relevant element: Full ID for 741347: @"(736637)((65561) values);constructor". The ID may expand to @"{@"{@"{@"(25).Numerics;namespace"}.Vector`1 : {@"(25).ValueType;type"};type"}<{@"{@"(19).System;namespace"}.Byte : {@"(25).ValueType;type"};type"}> : {@"{@"(19).System;namespace"}.ValueType;type"};type"}({@"{@"{@"(19).System;namespace"}.ReadOnlySpan`1 : {@"(25).ValueType;type"};type"}<{@"{@"(19).System;namespace"}.Byte : {@"(25).ValueType;type"};type"}> : {@"{@"(19).System;namespace"}.ValueType;type"};type"} values);constructor"
	Relevant element: Full ID for 740402: @"(740399)_0;parameter". The ID may expand to @"{@"{@"{@"(25).Numerics;namespace"}.Vector`1 : {@"(25).ValueType;type"};type"}({@"{@"(25).ReadOnlySpan`1 : (1068);type"}<{@"(25).Byte : (1068);type"}> : {@"(25).ValueType;type"};type"} values);constructor"}_0;parameter"
