| ../../../resources/stubs/Microsoft.OpenApi/1.2.3/Microsoft.OpenApi.cs:0:0:0:0 | ../../../resources/stubs/Microsoft.OpenApi/1.2.3/Microsoft.OpenApi.cs |
| ../../../resources/stubs/Swashbuckle.AspNetCore.Swagger/6.1.4/Swashbuckle.AspNetCore.Swagger.cs:0:0:0:0 | ../../../resources/stubs/Swashbuckle.AspNetCore.Swagger/6.1.4/Swashbuckle.AspNetCore.Swagger.cs |
| ../../../resources/stubs/frameworks/Microsoft.AspNetCore.App/Microsoft.AspNetCore.Antiforgery.cs:0:0:0:0 | ../../../resources/stubs/frameworks/Microsoft.AspNetCore.App/Microsoft.AspNetCore.Antiforgery.cs |
| ../../../resources/stubs/frameworks/Microsoft.AspNetCore.App/Microsoft.AspNetCore.Authentication.Abstractions.cs:0:0:0:0 | ../../../resources/stubs/frameworks/Microsoft.AspNetCore.App/Microsoft.AspNetCore.Authentication.Abstractions.cs |
| ../../../resources/stubs/frameworks/Microsoft.AspNetCore.App/Microsoft.AspNetCore.Authentication.Cookies.cs:0:0:0:0 | ../../../resources/stubs/frameworks/Microsoft.AspNetCore.App/Microsoft.AspNetCore.Authentication.Cookies.cs |
| ../../../resources/stubs/frameworks/Microsoft.AspNetCore.App/Microsoft.AspNetCore.Authentication.Core.cs:0:0:0:0 | ../../../resources/stubs/frameworks/Microsoft.AspNetCore.App/Microsoft.AspNetCore.Authentication.Core.cs |
| ../../../resources/stubs/frameworks/Microsoft.AspNetCore.App/Microsoft.AspNetCore.Authentication.OAuth.cs:0:0:0:0 | ../../../resources/stubs/frameworks/Microsoft.AspNetCore.App/Microsoft.AspNetCore.Authentication.OAuth.cs |
| ../../../resources/stubs/frameworks/Microsoft.AspNetCore.App/Microsoft.AspNetCore.Authentication.cs:0:0:0:0 | ../../../resources/stubs/frameworks/Microsoft.AspNetCore.App/Microsoft.AspNetCore.Authentication.cs |
| ../../../resources/stubs/frameworks/Microsoft.AspNetCore.App/Microsoft.AspNetCore.Authorization.Policy.cs:0:0:0:0 | ../../../resources/stubs/frameworks/Microsoft.AspNetCore.App/Microsoft.AspNetCore.Authorization.Policy.cs |
| ../../../resources/stubs/frameworks/Microsoft.AspNetCore.App/Microsoft.AspNetCore.Authorization.cs:0:0:0:0 | ../../../resources/stubs/frameworks/Microsoft.AspNetCore.App/Microsoft.AspNetCore.Authorization.cs |
| ../../../resources/stubs/frameworks/Microsoft.AspNetCore.App/Microsoft.AspNetCore.Components.Authorization.cs:0:0:0:0 | ../../../resources/stubs/frameworks/Microsoft.AspNetCore.App/Microsoft.AspNetCore.Components.Authorization.cs |
| ../../../resources/stubs/frameworks/Microsoft.AspNetCore.App/Microsoft.AspNetCore.Components.Forms.cs:0:0:0:0 | ../../../resources/stubs/frameworks/Microsoft.AspNetCore.App/Microsoft.AspNetCore.Components.Forms.cs |
| ../../../resources/stubs/frameworks/Microsoft.AspNetCore.App/Microsoft.AspNetCore.Components.Server.cs:0:0:0:0 | ../../../resources/stubs/frameworks/Microsoft.AspNetCore.App/Microsoft.AspNetCore.Components.Server.cs |
| ../../../resources/stubs/frameworks/Microsoft.AspNetCore.App/Microsoft.AspNetCore.Components.Web.cs:0:0:0:0 | ../../../resources/stubs/frameworks/Microsoft.AspNetCore.App/Microsoft.AspNetCore.Components.Web.cs |
| ../../../resources/stubs/frameworks/Microsoft.AspNetCore.App/Microsoft.AspNetCore.Components.cs:0:0:0:0 | ../../../resources/stubs/frameworks/Microsoft.AspNetCore.App/Microsoft.AspNetCore.Components.cs |
| ../../../resources/stubs/frameworks/Microsoft.AspNetCore.App/Microsoft.AspNetCore.Connections.Abstractions.cs:0:0:0:0 | ../../../resources/stubs/frameworks/Microsoft.AspNetCore.App/Microsoft.AspNetCore.Connections.Abstractions.cs |
| ../../../resources/stubs/frameworks/Microsoft.AspNetCore.App/Microsoft.AspNetCore.CookiePolicy.cs:0:0:0:0 | ../../../resources/stubs/frameworks/Microsoft.AspNetCore.App/Microsoft.AspNetCore.CookiePolicy.cs |
| ../../../resources/stubs/frameworks/Microsoft.AspNetCore.App/Microsoft.AspNetCore.Cors.cs:0:0:0:0 | ../../../resources/stubs/frameworks/Microsoft.AspNetCore.App/Microsoft.AspNetCore.Cors.cs |
| ../../../resources/stubs/frameworks/Microsoft.AspNetCore.App/Microsoft.AspNetCore.Cryptography.KeyDerivation.cs:0:0:0:0 | ../../../resources/stubs/frameworks/Microsoft.AspNetCore.App/Microsoft.AspNetCore.Cryptography.KeyDerivation.cs |
| ../../../resources/stubs/frameworks/Microsoft.AspNetCore.App/Microsoft.AspNetCore.DataProtection.Abstractions.cs:0:0:0:0 | ../../../resources/stubs/frameworks/Microsoft.AspNetCore.App/Microsoft.AspNetCore.DataProtection.Abstractions.cs |
| ../../../resources/stubs/frameworks/Microsoft.AspNetCore.App/Microsoft.AspNetCore.DataProtection.Extensions.cs:0:0:0:0 | ../../../resources/stubs/frameworks/Microsoft.AspNetCore.App/Microsoft.AspNetCore.DataProtection.Extensions.cs |
| ../../../resources/stubs/frameworks/Microsoft.AspNetCore.App/Microsoft.AspNetCore.DataProtection.cs:0:0:0:0 | ../../../resources/stubs/frameworks/Microsoft.AspNetCore.App/Microsoft.AspNetCore.DataProtection.cs |
| ../../../resources/stubs/frameworks/Microsoft.AspNetCore.App/Microsoft.AspNetCore.Diagnostics.Abstractions.cs:0:0:0:0 | ../../../resources/stubs/frameworks/Microsoft.AspNetCore.App/Microsoft.AspNetCore.Diagnostics.Abstractions.cs |
| ../../../resources/stubs/frameworks/Microsoft.AspNetCore.App/Microsoft.AspNetCore.Diagnostics.HealthChecks.cs:0:0:0:0 | ../../../resources/stubs/frameworks/Microsoft.AspNetCore.App/Microsoft.AspNetCore.Diagnostics.HealthChecks.cs |
| ../../../resources/stubs/frameworks/Microsoft.AspNetCore.App/Microsoft.AspNetCore.Diagnostics.cs:0:0:0:0 | ../../../resources/stubs/frameworks/Microsoft.AspNetCore.App/Microsoft.AspNetCore.Diagnostics.cs |
| ../../../resources/stubs/frameworks/Microsoft.AspNetCore.App/Microsoft.AspNetCore.HostFiltering.cs:0:0:0:0 | ../../../resources/stubs/frameworks/Microsoft.AspNetCore.App/Microsoft.AspNetCore.HostFiltering.cs |
| ../../../resources/stubs/frameworks/Microsoft.AspNetCore.App/Microsoft.AspNetCore.Hosting.Abstractions.cs:0:0:0:0 | ../../../resources/stubs/frameworks/Microsoft.AspNetCore.App/Microsoft.AspNetCore.Hosting.Abstractions.cs |
| ../../../resources/stubs/frameworks/Microsoft.AspNetCore.App/Microsoft.AspNetCore.Hosting.Server.Abstractions.cs:0:0:0:0 | ../../../resources/stubs/frameworks/Microsoft.AspNetCore.App/Microsoft.AspNetCore.Hosting.Server.Abstractions.cs |
| ../../../resources/stubs/frameworks/Microsoft.AspNetCore.App/Microsoft.AspNetCore.Hosting.cs:0:0:0:0 | ../../../resources/stubs/frameworks/Microsoft.AspNetCore.App/Microsoft.AspNetCore.Hosting.cs |
| ../../../resources/stubs/frameworks/Microsoft.AspNetCore.App/Microsoft.AspNetCore.Html.Abstractions.cs:0:0:0:0 | ../../../resources/stubs/frameworks/Microsoft.AspNetCore.App/Microsoft.AspNetCore.Html.Abstractions.cs |
| ../../../resources/stubs/frameworks/Microsoft.AspNetCore.App/Microsoft.AspNetCore.Http.Abstractions.cs:0:0:0:0 | ../../../resources/stubs/frameworks/Microsoft.AspNetCore.App/Microsoft.AspNetCore.Http.Abstractions.cs |
| ../../../resources/stubs/frameworks/Microsoft.AspNetCore.App/Microsoft.AspNetCore.Http.Connections.Common.cs:0:0:0:0 | ../../../resources/stubs/frameworks/Microsoft.AspNetCore.App/Microsoft.AspNetCore.Http.Connections.Common.cs |
| ../../../resources/stubs/frameworks/Microsoft.AspNetCore.App/Microsoft.AspNetCore.Http.Connections.cs:0:0:0:0 | ../../../resources/stubs/frameworks/Microsoft.AspNetCore.App/Microsoft.AspNetCore.Http.Connections.cs |
| ../../../resources/stubs/frameworks/Microsoft.AspNetCore.App/Microsoft.AspNetCore.Http.Extensions.cs:0:0:0:0 | ../../../resources/stubs/frameworks/Microsoft.AspNetCore.App/Microsoft.AspNetCore.Http.Extensions.cs |
| ../../../resources/stubs/frameworks/Microsoft.AspNetCore.App/Microsoft.AspNetCore.Http.Features.cs:0:0:0:0 | ../../../resources/stubs/frameworks/Microsoft.AspNetCore.App/Microsoft.AspNetCore.Http.Features.cs |
| ../../../resources/stubs/frameworks/Microsoft.AspNetCore.App/Microsoft.AspNetCore.Http.cs:0:0:0:0 | ../../../resources/stubs/frameworks/Microsoft.AspNetCore.App/Microsoft.AspNetCore.Http.cs |
| ../../../resources/stubs/frameworks/Microsoft.AspNetCore.App/Microsoft.AspNetCore.HttpOverrides.cs:0:0:0:0 | ../../../resources/stubs/frameworks/Microsoft.AspNetCore.App/Microsoft.AspNetCore.HttpOverrides.cs |
| ../../../resources/stubs/frameworks/Microsoft.AspNetCore.App/Microsoft.AspNetCore.HttpsPolicy.cs:0:0:0:0 | ../../../resources/stubs/frameworks/Microsoft.AspNetCore.App/Microsoft.AspNetCore.HttpsPolicy.cs |
| ../../../resources/stubs/frameworks/Microsoft.AspNetCore.App/Microsoft.AspNetCore.Identity.cs:0:0:0:0 | ../../../resources/stubs/frameworks/Microsoft.AspNetCore.App/Microsoft.AspNetCore.Identity.cs |
| ../../../resources/stubs/frameworks/Microsoft.AspNetCore.App/Microsoft.AspNetCore.Localization.Routing.cs:0:0:0:0 | ../../../resources/stubs/frameworks/Microsoft.AspNetCore.App/Microsoft.AspNetCore.Localization.Routing.cs |
| ../../../resources/stubs/frameworks/Microsoft.AspNetCore.App/Microsoft.AspNetCore.Localization.cs:0:0:0:0 | ../../../resources/stubs/frameworks/Microsoft.AspNetCore.App/Microsoft.AspNetCore.Localization.cs |
| ../../../resources/stubs/frameworks/Microsoft.AspNetCore.App/Microsoft.AspNetCore.Metadata.cs:0:0:0:0 | ../../../resources/stubs/frameworks/Microsoft.AspNetCore.App/Microsoft.AspNetCore.Metadata.cs |
| ../../../resources/stubs/frameworks/Microsoft.AspNetCore.App/Microsoft.AspNetCore.Mvc.Abstractions.cs:0:0:0:0 | ../../../resources/stubs/frameworks/Microsoft.AspNetCore.App/Microsoft.AspNetCore.Mvc.Abstractions.cs |
| ../../../resources/stubs/frameworks/Microsoft.AspNetCore.App/Microsoft.AspNetCore.Mvc.ApiExplorer.cs:0:0:0:0 | ../../../resources/stubs/frameworks/Microsoft.AspNetCore.App/Microsoft.AspNetCore.Mvc.ApiExplorer.cs |
| ../../../resources/stubs/frameworks/Microsoft.AspNetCore.App/Microsoft.AspNetCore.Mvc.Core.cs:0:0:0:0 | ../../../resources/stubs/frameworks/Microsoft.AspNetCore.App/Microsoft.AspNetCore.Mvc.Core.cs |
| ../../../resources/stubs/frameworks/Microsoft.AspNetCore.App/Microsoft.AspNetCore.Mvc.Cors.cs:0:0:0:0 | ../../../resources/stubs/frameworks/Microsoft.AspNetCore.App/Microsoft.AspNetCore.Mvc.Cors.cs |
| ../../../resources/stubs/frameworks/Microsoft.AspNetCore.App/Microsoft.AspNetCore.Mvc.DataAnnotations.cs:0:0:0:0 | ../../../resources/stubs/frameworks/Microsoft.AspNetCore.App/Microsoft.AspNetCore.Mvc.DataAnnotations.cs |
| ../../../resources/stubs/frameworks/Microsoft.AspNetCore.App/Microsoft.AspNetCore.Mvc.Formatters.Xml.cs:0:0:0:0 | ../../../resources/stubs/frameworks/Microsoft.AspNetCore.App/Microsoft.AspNetCore.Mvc.Formatters.Xml.cs |
| ../../../resources/stubs/frameworks/Microsoft.AspNetCore.App/Microsoft.AspNetCore.Mvc.Localization.cs:0:0:0:0 | ../../../resources/stubs/frameworks/Microsoft.AspNetCore.App/Microsoft.AspNetCore.Mvc.Localization.cs |
| ../../../resources/stubs/frameworks/Microsoft.AspNetCore.App/Microsoft.AspNetCore.Mvc.Razor.cs:0:0:0:0 | ../../../resources/stubs/frameworks/Microsoft.AspNetCore.App/Microsoft.AspNetCore.Mvc.Razor.cs |
| ../../../resources/stubs/frameworks/Microsoft.AspNetCore.App/Microsoft.AspNetCore.Mvc.RazorPages.cs:0:0:0:0 | ../../../resources/stubs/frameworks/Microsoft.AspNetCore.App/Microsoft.AspNetCore.Mvc.RazorPages.cs |
| ../../../resources/stubs/frameworks/Microsoft.AspNetCore.App/Microsoft.AspNetCore.Mvc.TagHelpers.cs:0:0:0:0 | ../../../resources/stubs/frameworks/Microsoft.AspNetCore.App/Microsoft.AspNetCore.Mvc.TagHelpers.cs |
| ../../../resources/stubs/frameworks/Microsoft.AspNetCore.App/Microsoft.AspNetCore.Mvc.ViewFeatures.cs:0:0:0:0 | ../../../resources/stubs/frameworks/Microsoft.AspNetCore.App/Microsoft.AspNetCore.Mvc.ViewFeatures.cs |
| ../../../resources/stubs/frameworks/Microsoft.AspNetCore.App/Microsoft.AspNetCore.Mvc.cs:0:0:0:0 | ../../../resources/stubs/frameworks/Microsoft.AspNetCore.App/Microsoft.AspNetCore.Mvc.cs |
| ../../../resources/stubs/frameworks/Microsoft.AspNetCore.App/Microsoft.AspNetCore.Razor.Runtime.cs:0:0:0:0 | ../../../resources/stubs/frameworks/Microsoft.AspNetCore.App/Microsoft.AspNetCore.Razor.Runtime.cs |
| ../../../resources/stubs/frameworks/Microsoft.AspNetCore.App/Microsoft.AspNetCore.Razor.cs:0:0:0:0 | ../../../resources/stubs/frameworks/Microsoft.AspNetCore.App/Microsoft.AspNetCore.Razor.cs |
| ../../../resources/stubs/frameworks/Microsoft.AspNetCore.App/Microsoft.AspNetCore.ResponseCaching.Abstractions.cs:0:0:0:0 | ../../../resources/stubs/frameworks/Microsoft.AspNetCore.App/Microsoft.AspNetCore.ResponseCaching.Abstractions.cs |
| ../../../resources/stubs/frameworks/Microsoft.AspNetCore.App/Microsoft.AspNetCore.ResponseCaching.cs:0:0:0:0 | ../../../resources/stubs/frameworks/Microsoft.AspNetCore.App/Microsoft.AspNetCore.ResponseCaching.cs |
| ../../../resources/stubs/frameworks/Microsoft.AspNetCore.App/Microsoft.AspNetCore.ResponseCompression.cs:0:0:0:0 | ../../../resources/stubs/frameworks/Microsoft.AspNetCore.App/Microsoft.AspNetCore.ResponseCompression.cs |
| ../../../resources/stubs/frameworks/Microsoft.AspNetCore.App/Microsoft.AspNetCore.Rewrite.cs:0:0:0:0 | ../../../resources/stubs/frameworks/Microsoft.AspNetCore.App/Microsoft.AspNetCore.Rewrite.cs |
| ../../../resources/stubs/frameworks/Microsoft.AspNetCore.App/Microsoft.AspNetCore.Routing.Abstractions.cs:0:0:0:0 | ../../../resources/stubs/frameworks/Microsoft.AspNetCore.App/Microsoft.AspNetCore.Routing.Abstractions.cs |
| ../../../resources/stubs/frameworks/Microsoft.AspNetCore.App/Microsoft.AspNetCore.Routing.cs:0:0:0:0 | ../../../resources/stubs/frameworks/Microsoft.AspNetCore.App/Microsoft.AspNetCore.Routing.cs |
| ../../../resources/stubs/frameworks/Microsoft.AspNetCore.App/Microsoft.AspNetCore.Server.HttpSys.cs:0:0:0:0 | ../../../resources/stubs/frameworks/Microsoft.AspNetCore.App/Microsoft.AspNetCore.Server.HttpSys.cs |
| ../../../resources/stubs/frameworks/Microsoft.AspNetCore.App/Microsoft.AspNetCore.Server.IIS.cs:0:0:0:0 | ../../../resources/stubs/frameworks/Microsoft.AspNetCore.App/Microsoft.AspNetCore.Server.IIS.cs |
| ../../../resources/stubs/frameworks/Microsoft.AspNetCore.App/Microsoft.AspNetCore.Server.IISIntegration.cs:0:0:0:0 | ../../../resources/stubs/frameworks/Microsoft.AspNetCore.App/Microsoft.AspNetCore.Server.IISIntegration.cs |
| ../../../resources/stubs/frameworks/Microsoft.AspNetCore.App/Microsoft.AspNetCore.Server.Kestrel.Core.cs:0:0:0:0 | ../../../resources/stubs/frameworks/Microsoft.AspNetCore.App/Microsoft.AspNetCore.Server.Kestrel.Core.cs |
| ../../../resources/stubs/frameworks/Microsoft.AspNetCore.App/Microsoft.AspNetCore.Server.Kestrel.Transport.Sockets.cs:0:0:0:0 | ../../../resources/stubs/frameworks/Microsoft.AspNetCore.App/Microsoft.AspNetCore.Server.Kestrel.Transport.Sockets.cs |
| ../../../resources/stubs/frameworks/Microsoft.AspNetCore.App/Microsoft.AspNetCore.Server.Kestrel.cs:0:0:0:0 | ../../../resources/stubs/frameworks/Microsoft.AspNetCore.App/Microsoft.AspNetCore.Server.Kestrel.cs |
| ../../../resources/stubs/frameworks/Microsoft.AspNetCore.App/Microsoft.AspNetCore.Session.cs:0:0:0:0 | ../../../resources/stubs/frameworks/Microsoft.AspNetCore.App/Microsoft.AspNetCore.Session.cs |
| ../../../resources/stubs/frameworks/Microsoft.AspNetCore.App/Microsoft.AspNetCore.SignalR.Common.cs:0:0:0:0 | ../../../resources/stubs/frameworks/Microsoft.AspNetCore.App/Microsoft.AspNetCore.SignalR.Common.cs |
| ../../../resources/stubs/frameworks/Microsoft.AspNetCore.App/Microsoft.AspNetCore.SignalR.Core.cs:0:0:0:0 | ../../../resources/stubs/frameworks/Microsoft.AspNetCore.App/Microsoft.AspNetCore.SignalR.Core.cs |
| ../../../resources/stubs/frameworks/Microsoft.AspNetCore.App/Microsoft.AspNetCore.SignalR.Protocols.Json.cs:0:0:0:0 | ../../../resources/stubs/frameworks/Microsoft.AspNetCore.App/Microsoft.AspNetCore.SignalR.Protocols.Json.cs |
| ../../../resources/stubs/frameworks/Microsoft.AspNetCore.App/Microsoft.AspNetCore.SignalR.cs:0:0:0:0 | ../../../resources/stubs/frameworks/Microsoft.AspNetCore.App/Microsoft.AspNetCore.SignalR.cs |
| ../../../resources/stubs/frameworks/Microsoft.AspNetCore.App/Microsoft.AspNetCore.StaticFiles.cs:0:0:0:0 | ../../../resources/stubs/frameworks/Microsoft.AspNetCore.App/Microsoft.AspNetCore.StaticFiles.cs |
| ../../../resources/stubs/frameworks/Microsoft.AspNetCore.App/Microsoft.AspNetCore.WebSockets.cs:0:0:0:0 | ../../../resources/stubs/frameworks/Microsoft.AspNetCore.App/Microsoft.AspNetCore.WebSockets.cs |
| ../../../resources/stubs/frameworks/Microsoft.AspNetCore.App/Microsoft.AspNetCore.WebUtilities.cs:0:0:0:0 | ../../../resources/stubs/frameworks/Microsoft.AspNetCore.App/Microsoft.AspNetCore.WebUtilities.cs |
| ../../../resources/stubs/frameworks/Microsoft.AspNetCore.App/Microsoft.AspNetCore.cs:0:0:0:0 | ../../../resources/stubs/frameworks/Microsoft.AspNetCore.App/Microsoft.AspNetCore.cs |
| ../../../resources/stubs/frameworks/Microsoft.AspNetCore.App/Microsoft.Extensions.Caching.Abstractions.cs:0:0:0:0 | ../../../resources/stubs/frameworks/Microsoft.AspNetCore.App/Microsoft.Extensions.Caching.Abstractions.cs |
| ../../../resources/stubs/frameworks/Microsoft.AspNetCore.App/Microsoft.Extensions.Caching.Memory.cs:0:0:0:0 | ../../../resources/stubs/frameworks/Microsoft.AspNetCore.App/Microsoft.Extensions.Caching.Memory.cs |
| ../../../resources/stubs/frameworks/Microsoft.AspNetCore.App/Microsoft.Extensions.Configuration.Abstractions.cs:0:0:0:0 | ../../../resources/stubs/frameworks/Microsoft.AspNetCore.App/Microsoft.Extensions.Configuration.Abstractions.cs |
| ../../../resources/stubs/frameworks/Microsoft.AspNetCore.App/Microsoft.Extensions.Configuration.Binder.cs:0:0:0:0 | ../../../resources/stubs/frameworks/Microsoft.AspNetCore.App/Microsoft.Extensions.Configuration.Binder.cs |
| ../../../resources/stubs/frameworks/Microsoft.AspNetCore.App/Microsoft.Extensions.Configuration.CommandLine.cs:0:0:0:0 | ../../../resources/stubs/frameworks/Microsoft.AspNetCore.App/Microsoft.Extensions.Configuration.CommandLine.cs |
| ../../../resources/stubs/frameworks/Microsoft.AspNetCore.App/Microsoft.Extensions.Configuration.EnvironmentVariables.cs:0:0:0:0 | ../../../resources/stubs/frameworks/Microsoft.AspNetCore.App/Microsoft.Extensions.Configuration.EnvironmentVariables.cs |
| ../../../resources/stubs/frameworks/Microsoft.AspNetCore.App/Microsoft.Extensions.Configuration.FileExtensions.cs:0:0:0:0 | ../../../resources/stubs/frameworks/Microsoft.AspNetCore.App/Microsoft.Extensions.Configuration.FileExtensions.cs |
| ../../../resources/stubs/frameworks/Microsoft.AspNetCore.App/Microsoft.Extensions.Configuration.Ini.cs:0:0:0:0 | ../../../resources/stubs/frameworks/Microsoft.AspNetCore.App/Microsoft.Extensions.Configuration.Ini.cs |
| ../../../resources/stubs/frameworks/Microsoft.AspNetCore.App/Microsoft.Extensions.Configuration.Json.cs:0:0:0:0 | ../../../resources/stubs/frameworks/Microsoft.AspNetCore.App/Microsoft.Extensions.Configuration.Json.cs |
| ../../../resources/stubs/frameworks/Microsoft.AspNetCore.App/Microsoft.Extensions.Configuration.KeyPerFile.cs:0:0:0:0 | ../../../resources/stubs/frameworks/Microsoft.AspNetCore.App/Microsoft.Extensions.Configuration.KeyPerFile.cs |
| ../../../resources/stubs/frameworks/Microsoft.AspNetCore.App/Microsoft.Extensions.Configuration.UserSecrets.cs:0:0:0:0 | ../../../resources/stubs/frameworks/Microsoft.AspNetCore.App/Microsoft.Extensions.Configuration.UserSecrets.cs |
| ../../../resources/stubs/frameworks/Microsoft.AspNetCore.App/Microsoft.Extensions.Configuration.Xml.cs:0:0:0:0 | ../../../resources/stubs/frameworks/Microsoft.AspNetCore.App/Microsoft.Extensions.Configuration.Xml.cs |
| ../../../resources/stubs/frameworks/Microsoft.AspNetCore.App/Microsoft.Extensions.Configuration.cs:0:0:0:0 | ../../../resources/stubs/frameworks/Microsoft.AspNetCore.App/Microsoft.Extensions.Configuration.cs |
| ../../../resources/stubs/frameworks/Microsoft.AspNetCore.App/Microsoft.Extensions.DependencyInjection.Abstractions.cs:0:0:0:0 | ../../../resources/stubs/frameworks/Microsoft.AspNetCore.App/Microsoft.Extensions.DependencyInjection.Abstractions.cs |
| ../../../resources/stubs/frameworks/Microsoft.AspNetCore.App/Microsoft.Extensions.DependencyInjection.cs:0:0:0:0 | ../../../resources/stubs/frameworks/Microsoft.AspNetCore.App/Microsoft.Extensions.DependencyInjection.cs |
| ../../../resources/stubs/frameworks/Microsoft.AspNetCore.App/Microsoft.Extensions.Diagnostics.HealthChecks.Abstractions.cs:0:0:0:0 | ../../../resources/stubs/frameworks/Microsoft.AspNetCore.App/Microsoft.Extensions.Diagnostics.HealthChecks.Abstractions.cs |
| ../../../resources/stubs/frameworks/Microsoft.AspNetCore.App/Microsoft.Extensions.Diagnostics.HealthChecks.cs:0:0:0:0 | ../../../resources/stubs/frameworks/Microsoft.AspNetCore.App/Microsoft.Extensions.Diagnostics.HealthChecks.cs |
| ../../../resources/stubs/frameworks/Microsoft.AspNetCore.App/Microsoft.Extensions.FileProviders.Abstractions.cs:0:0:0:0 | ../../../resources/stubs/frameworks/Microsoft.AspNetCore.App/Microsoft.Extensions.FileProviders.Abstractions.cs |
| ../../../resources/stubs/frameworks/Microsoft.AspNetCore.App/Microsoft.Extensions.FileProviders.Composite.cs:0:0:0:0 | ../../../resources/stubs/frameworks/Microsoft.AspNetCore.App/Microsoft.Extensions.FileProviders.Composite.cs |
| ../../../resources/stubs/frameworks/Microsoft.AspNetCore.App/Microsoft.Extensions.FileProviders.Embedded.cs:0:0:0:0 | ../../../resources/stubs/frameworks/Microsoft.AspNetCore.App/Microsoft.Extensions.FileProviders.Embedded.cs |
| ../../../resources/stubs/frameworks/Microsoft.AspNetCore.App/Microsoft.Extensions.FileProviders.Physical.cs:0:0:0:0 | ../../../resources/stubs/frameworks/Microsoft.AspNetCore.App/Microsoft.Extensions.FileProviders.Physical.cs |
| ../../../resources/stubs/frameworks/Microsoft.AspNetCore.App/Microsoft.Extensions.FileSystemGlobbing.cs:0:0:0:0 | ../../../resources/stubs/frameworks/Microsoft.AspNetCore.App/Microsoft.Extensions.FileSystemGlobbing.cs |
| ../../../resources/stubs/frameworks/Microsoft.AspNetCore.App/Microsoft.Extensions.Hosting.Abstractions.cs:0:0:0:0 | ../../../resources/stubs/frameworks/Microsoft.AspNetCore.App/Microsoft.Extensions.Hosting.Abstractions.cs |
| ../../../resources/stubs/frameworks/Microsoft.AspNetCore.App/Microsoft.Extensions.Hosting.cs:0:0:0:0 | ../../../resources/stubs/frameworks/Microsoft.AspNetCore.App/Microsoft.Extensions.Hosting.cs |
| ../../../resources/stubs/frameworks/Microsoft.AspNetCore.App/Microsoft.Extensions.Http.cs:0:0:0:0 | ../../../resources/stubs/frameworks/Microsoft.AspNetCore.App/Microsoft.Extensions.Http.cs |
| ../../../resources/stubs/frameworks/Microsoft.AspNetCore.App/Microsoft.Extensions.Identity.Core.cs:0:0:0:0 | ../../../resources/stubs/frameworks/Microsoft.AspNetCore.App/Microsoft.Extensions.Identity.Core.cs |
| ../../../resources/stubs/frameworks/Microsoft.AspNetCore.App/Microsoft.Extensions.Identity.Stores.cs:0:0:0:0 | ../../../resources/stubs/frameworks/Microsoft.AspNetCore.App/Microsoft.Extensions.Identity.Stores.cs |
| ../../../resources/stubs/frameworks/Microsoft.AspNetCore.App/Microsoft.Extensions.Localization.Abstractions.cs:0:0:0:0 | ../../../resources/stubs/frameworks/Microsoft.AspNetCore.App/Microsoft.Extensions.Localization.Abstractions.cs |
| ../../../resources/stubs/frameworks/Microsoft.AspNetCore.App/Microsoft.Extensions.Localization.cs:0:0:0:0 | ../../../resources/stubs/frameworks/Microsoft.AspNetCore.App/Microsoft.Extensions.Localization.cs |
| ../../../resources/stubs/frameworks/Microsoft.AspNetCore.App/Microsoft.Extensions.Logging.Abstractions.cs:0:0:0:0 | ../../../resources/stubs/frameworks/Microsoft.AspNetCore.App/Microsoft.Extensions.Logging.Abstractions.cs |
| ../../../resources/stubs/frameworks/Microsoft.AspNetCore.App/Microsoft.Extensions.Logging.Configuration.cs:0:0:0:0 | ../../../resources/stubs/frameworks/Microsoft.AspNetCore.App/Microsoft.Extensions.Logging.Configuration.cs |
| ../../../resources/stubs/frameworks/Microsoft.AspNetCore.App/Microsoft.Extensions.Logging.Console.cs:0:0:0:0 | ../../../resources/stubs/frameworks/Microsoft.AspNetCore.App/Microsoft.Extensions.Logging.Console.cs |
| ../../../resources/stubs/frameworks/Microsoft.AspNetCore.App/Microsoft.Extensions.Logging.Debug.cs:0:0:0:0 | ../../../resources/stubs/frameworks/Microsoft.AspNetCore.App/Microsoft.Extensions.Logging.Debug.cs |
| ../../../resources/stubs/frameworks/Microsoft.AspNetCore.App/Microsoft.Extensions.Logging.EventLog.cs:0:0:0:0 | ../../../resources/stubs/frameworks/Microsoft.AspNetCore.App/Microsoft.Extensions.Logging.EventLog.cs |
| ../../../resources/stubs/frameworks/Microsoft.AspNetCore.App/Microsoft.Extensions.Logging.EventSource.cs:0:0:0:0 | ../../../resources/stubs/frameworks/Microsoft.AspNetCore.App/Microsoft.Extensions.Logging.EventSource.cs |
| ../../../resources/stubs/frameworks/Microsoft.AspNetCore.App/Microsoft.Extensions.Logging.TraceSource.cs:0:0:0:0 | ../../../resources/stubs/frameworks/Microsoft.AspNetCore.App/Microsoft.Extensions.Logging.TraceSource.cs |
| ../../../resources/stubs/frameworks/Microsoft.AspNetCore.App/Microsoft.Extensions.Logging.cs:0:0:0:0 | ../../../resources/stubs/frameworks/Microsoft.AspNetCore.App/Microsoft.Extensions.Logging.cs |
| ../../../resources/stubs/frameworks/Microsoft.AspNetCore.App/Microsoft.Extensions.ObjectPool.cs:0:0:0:0 | ../../../resources/stubs/frameworks/Microsoft.AspNetCore.App/Microsoft.Extensions.ObjectPool.cs |
| ../../../resources/stubs/frameworks/Microsoft.AspNetCore.App/Microsoft.Extensions.Options.ConfigurationExtensions.cs:0:0:0:0 | ../../../resources/stubs/frameworks/Microsoft.AspNetCore.App/Microsoft.Extensions.Options.ConfigurationExtensions.cs |
| ../../../resources/stubs/frameworks/Microsoft.AspNetCore.App/Microsoft.Extensions.Options.DataAnnotations.cs:0:0:0:0 | ../../../resources/stubs/frameworks/Microsoft.AspNetCore.App/Microsoft.Extensions.Options.DataAnnotations.cs |
| ../../../resources/stubs/frameworks/Microsoft.AspNetCore.App/Microsoft.Extensions.Options.cs:0:0:0:0 | ../../../resources/stubs/frameworks/Microsoft.AspNetCore.App/Microsoft.Extensions.Options.cs |
| ../../../resources/stubs/frameworks/Microsoft.AspNetCore.App/Microsoft.Extensions.Primitives.cs:0:0:0:0 | ../../../resources/stubs/frameworks/Microsoft.AspNetCore.App/Microsoft.Extensions.Primitives.cs |
| ../../../resources/stubs/frameworks/Microsoft.AspNetCore.App/Microsoft.Extensions.WebEncoders.cs:0:0:0:0 | ../../../resources/stubs/frameworks/Microsoft.AspNetCore.App/Microsoft.Extensions.WebEncoders.cs |
| ../../../resources/stubs/frameworks/Microsoft.AspNetCore.App/Microsoft.JSInterop.cs:0:0:0:0 | ../../../resources/stubs/frameworks/Microsoft.AspNetCore.App/Microsoft.JSInterop.cs |
| ../../../resources/stubs/frameworks/Microsoft.AspNetCore.App/Microsoft.Net.Http.Headers.cs:0:0:0:0 | ../../../resources/stubs/frameworks/Microsoft.AspNetCore.App/Microsoft.Net.Http.Headers.cs |
| ../../../resources/stubs/frameworks/Microsoft.AspNetCore.App/Microsoft.Win32.Registry.cs:0:0:0:0 | ../../../resources/stubs/frameworks/Microsoft.AspNetCore.App/Microsoft.Win32.Registry.cs |
| ../../../resources/stubs/frameworks/Microsoft.AspNetCore.App/System.Diagnostics.EventLog.cs:0:0:0:0 | ../../../resources/stubs/frameworks/Microsoft.AspNetCore.App/System.Diagnostics.EventLog.cs |
| ../../../resources/stubs/frameworks/Microsoft.AspNetCore.App/System.IO.Pipelines.cs:0:0:0:0 | ../../../resources/stubs/frameworks/Microsoft.AspNetCore.App/System.IO.Pipelines.cs |
| ../../../resources/stubs/frameworks/Microsoft.AspNetCore.App/System.Security.AccessControl.cs:0:0:0:0 | ../../../resources/stubs/frameworks/Microsoft.AspNetCore.App/System.Security.AccessControl.cs |
| ../../../resources/stubs/frameworks/Microsoft.AspNetCore.App/System.Security.Cryptography.Cng.cs:0:0:0:0 | ../../../resources/stubs/frameworks/Microsoft.AspNetCore.App/System.Security.Cryptography.Cng.cs |
| ../../../resources/stubs/frameworks/Microsoft.AspNetCore.App/System.Security.Cryptography.Xml.cs:0:0:0:0 | ../../../resources/stubs/frameworks/Microsoft.AspNetCore.App/System.Security.Cryptography.Xml.cs |
| ../../../resources/stubs/frameworks/Microsoft.AspNetCore.App/System.Security.Permissions.cs:0:0:0:0 | ../../../resources/stubs/frameworks/Microsoft.AspNetCore.App/System.Security.Permissions.cs |
| ../../../resources/stubs/frameworks/Microsoft.AspNetCore.App/System.Security.Principal.Windows.cs:0:0:0:0 | ../../../resources/stubs/frameworks/Microsoft.AspNetCore.App/System.Security.Principal.Windows.cs |
| ../../../resources/stubs/frameworks/Microsoft.AspNetCore.App/System.Windows.Extensions.cs:0:0:0:0 | ../../../resources/stubs/frameworks/Microsoft.AspNetCore.App/System.Windows.Extensions.cs |
| Test.cs:0:0:0:0 | Test.cs |
