compilationErrors
| standalone.cs:40:12:40:12 | CS0104: 'C' is an ambiguous reference between 'A.C' and 'B.C' |
methodCalls
| standalone.cs:44:9:44:15 | call to method M0 |
| standalone.cs:45:9:45:18 | call to method M0 |
| standalone.cs:46:9:46:20 | call to method M0 |
| standalone.cs:47:9:47:21 | call to method M0 |
| standalone.cs:49:9:49:15 | call to method M1 |
| standalone.cs:50:9:50:18 | call to method M1 |
| standalone.cs:51:9:51:20 | call to method M1 |
| standalone.cs:52:9:52:21 | call to method M1 |
| standalone.cs:54:9:54:15 | call to method M2 |
| standalone.cs:55:9:55:18 | call to method M2 |
| standalone.cs:56:9:56:20 | call to method M2 |
| standalone.cs:57:9:57:21 | call to method M2 |
| standalone.cs:59:9:59:15 | call to method M3 |
| standalone.cs:61:9:61:31 | call to method  |
| standalone.cs:62:9:62:31 | call to method  |
| standalone.cs:63:9:63:31 | call to method  |
methodCallsTargets
| standalone.cs:44:9:44:15 | call to method M0 | standalone.cs:8:21:8:22 | M0 |
| standalone.cs:44:9:44:15 | call to method M0 | standalone.cs:9:21:9:22 | M0 |
| standalone.cs:44:9:44:15 | call to method M0 | standalone.cs:10:21:10:22 | M0 |
| standalone.cs:44:9:44:15 | call to method M0 | standalone.cs:11:21:11:22 | M0 |
| standalone.cs:45:9:45:18 | call to method M0 | standalone.cs:9:21:9:22 | M0 |
| standalone.cs:45:9:45:18 | call to method M0 | standalone.cs:10:21:10:22 | M0 |
| standalone.cs:45:9:45:18 | call to method M0 | standalone.cs:11:21:11:22 | M0 |
| standalone.cs:46:9:46:20 | call to method M0 | standalone.cs:10:21:10:22 | M0 |
| standalone.cs:47:9:47:21 | call to method M0 | standalone.cs:11:21:11:22 | M0 |
| standalone.cs:49:9:49:15 | call to method M1 | standalone.cs:16:21:16:22 | M1 |
| standalone.cs:49:9:49:15 | call to method M1 | standalone.cs:17:21:17:22 | M1 |
| standalone.cs:49:9:49:15 | call to method M1 | standalone.cs:18:21:18:22 | M1 |
| standalone.cs:49:9:49:15 | call to method M1 | standalone.cs:19:21:19:22 | M1 |
| standalone.cs:50:9:50:18 | call to method M1 | standalone.cs:17:21:17:22 | M1 |
| standalone.cs:50:9:50:18 | call to method M1 | standalone.cs:18:21:18:22 | M1 |
| standalone.cs:50:9:50:18 | call to method M1 | standalone.cs:19:21:19:22 | M1 |
| standalone.cs:51:9:51:20 | call to method M1 | standalone.cs:18:21:18:22 | M1 |
| standalone.cs:52:9:52:21 | call to method M1 | standalone.cs:19:21:19:22 | M1 |
| standalone.cs:54:9:54:15 | call to method M2 | standalone.cs:29:21:29:22 | M2 |
| standalone.cs:54:9:54:15 | call to method M2 | standalone.cs:30:21:30:22 | M2 |
| standalone.cs:54:9:54:15 | call to method M2 | standalone.cs:31:21:31:22 | M2 |
| standalone.cs:54:9:54:15 | call to method M2 | standalone.cs:32:21:32:22 | M2 |
| standalone.cs:55:9:55:18 | call to method M2 | standalone.cs:30:21:30:22 | M2 |
| standalone.cs:55:9:55:18 | call to method M2 | standalone.cs:31:21:31:22 | M2 |
| standalone.cs:55:9:55:18 | call to method M2 | standalone.cs:32:21:32:22 | M2 |
| standalone.cs:56:9:56:20 | call to method M2 | standalone.cs:31:21:31:22 | M2 |
| standalone.cs:57:9:57:21 | call to method M2 | standalone.cs:32:21:32:22 | M2 |
| standalone.cs:59:9:59:15 | call to method M3 | standalone.cs:21:21:21:22 | M3 |
| standalone.cs:59:9:59:15 | call to method M3 | standalone.cs:34:21:34:22 | M3 |
field
| standalone.cs:40:14:40:14 | c | A.C |
ambiguousAlternativeTypes
| standalone.cs:14:18:14:18 | C | standalone.cs:27:18:27:18 | C |
| standalone.cs:27:18:27:18 | C | standalone.cs:14:18:14:18 | C |
